SELECT
  l_returnflag
, l_linestatus
, sum(l_quantity) sum_qty
, sum(l_extendedprice) sum_base_price
, sum((l_extendedprice * (1 - l_discount))) sum_disc_price
, sum(((l_extendedprice * (1 - l_discount)) * (1 + l_tax))) sum_charge
, avg(l_quantity) avg_qty
, avg(l_extendedprice) avg_price
, avg(l_discount) avg_disc
, count(*) count_order
FROM
  lineitem
WHERE (l_shipdate <= (date '1998-12-01' - INTERVAL  '3' DAY))
GROUP BY l_returnflag, l_linestatus
ORDER BY l_returnflag ASC, l_linestatus ASC
